// Jest Snapshot v1, https://goo.gl/fbAQLP

exports[`Wait should render waiting message 1`] = `
<h1
  class="wait-text"
  data-testid="h1"
>
  Waiting for other players...
</h1>
`;
